// Jest Snapshot v1, https://goo.gl/fbAQLP

exports[`<Slider /> Should be equal to snapshot 1`] = `
<styled.div>
  <WithStyles(IconButton)>
    <pure(ArrowLeftRoundedIcon) />
  </WithStyles(IconButton)>
  <Styled(WithStyles(Typography))>
    1 половина
  </Styled(WithStyles(Typography))>
  <WithStyles(IconButton)>
    <pure(ArrowRightRoundedIcon) />
  </WithStyles(IconButton)>
</styled.div>
`;
